This is pdfTeX, Version 3.141592653-2.6-1.40.29 (TeX Live 2026) (preloaded format=pdflatex 2026.6.10)  10 JUN 2026 05:09
entering extended mode
 restricted \write18 enabled.
 file:line:error style messages enabled.
 %&-line parsing enabled.
**"/Users/xaviermargalef/Desktop/CyberOps-Portfolio/[EXP 86] Actividades 101/Ex_-86-Xavier_Margalef.tex"
(/Users/xaviermargalef/Desktop/CyberOps-Portfolio/[EXP 86] Actividades 101/Ex_-86-Xavier_Margalef.tex
LaTeX2e <2025-11-01>
L3 programming layer <2026-01-19>
(/usr/local/texlive/2026/texmf-dist/tex/latex/base/article.cls
Document Class: article 2025/01/22 v1.4n Standard LaTeX document class
(/usr/local/texlive/2026/texmf-dist/tex/latex/base/size11.clo
File: size11.clo 2025/01/22 v1.4n Standard LaTeX file (size option)
)
\c@part=\count275
\c@section=\count276
\c@subsection=\count277
\c@subsubsection=\count278
\c@paragraph=\count279
\c@subparagraph=\count280
\c@figure=\count281
\c@table=\count282
\abovecaptionskip=\skip49
\belowcaptionskip=\skip50
\bibindent=\dimen148
) (/usr/local/texlive/2026/texmf-dist/tex/latex/base/inputenc.sty
Package: inputenc 2024/02/08 v1.3d Input encoding file
\inpenc@prehook=\toks17
\inpenc@posthook=\toks18
) (/usr/local/texlive/2026/texmf-dist/tex/generic/babel/babel.sty
Package: babel 2026/03/08 v26.4 The multilingual framework for LuaLaTeX, pdfLaTeX and XeLaTeX
\babel@savecnt=\count283
LaTeX Encoding Info:    Redeclaring text command \ij (encoding OT1) on input line 2078.
LaTeX Encoding Info:    Redeclaring text command \IJ (encoding OT1) on input line 2080.
LaTeX Encoding Info:    Redeclaring text command \ij (encoding T1) on input line 2082.
LaTeX Encoding Info:    Redeclaring text command \IJ (encoding T1) on input line 2083.
LaTeX Encoding Info:    Ignoring declaration for text command \ij (encoding ?) on input line 2084.
LaTeX Encoding Info:    Ignoring declaration for text command \IJ (encoding ?) on input line 2086.
LaTeX Encoding Info:    Ignoring declaration for text command \SS (encoding ?) on input line 2111.
\U@D=\dimen149
\l@unhyphenated=\language91
 (/usr/local/texlive/2026/texmf-dist/tex/generic/babel/txtbabel.def)
\bbl@readstream=\read2
\bbl@dirlevel=\count284
 (/usr/local/texlive/2026/texmf-dist/tex/generic/babel/locale/es/babel-spanish.tex)
Package babel Info: Importing font and identification data for spanish
(babel)             from babel-es.ini. Reported on input line 4330.
 (/usr/local/texlive/2026/texmf-dist/tex/generic/babel-spanish/spanish.ldf
Language: spanish.ldf 2021/05/27 v5.0q Spanish support from the babel system
\es@quottoks=\toks19
\es@quotdepth=\count285
Package babel Info: Making " an active character on input line 570.
Package babel Info: Making . an active character on input line 675.
Package babel Info: Making < an active character on input line 722.
Package babel Info: Making > an active character on input line 722.
))
LaTeX Encoding Info:    Redeclaring text command \guillemotleft (encoding OT1) on input line 4.
LaTeX Encoding Info:    Redeclaring text command \guillemotright (encoding OT1) on input line 4.
 (/usr/local/texlive/2026/texmf-dist/tex/latex/graphics/graphicx.sty
Package: graphicx 2024/12/31 v1.2e Enhanced LaTeX Graphics (DPC,SPQR)
 (/usr/local/texlive/2026/texmf-dist/tex/latex/graphics/keyval.sty
Package: keyval 2022/05/29 v1.15 key=value parser (DPC)
\KV@toks@=\toks20
) (/usr/local/texlive/2026/texmf-dist/tex/latex/graphics/graphics.sty
Package: graphics 2024/08/06 v1.4g Standard LaTeX Graphics (DPC,SPQR)
 (/usr/local/texlive/2026/texmf-dist/tex/latex/graphics/trig.sty
Package: trig 2023/12/02 v1.11 sin cos tan (DPC)
) (/usr/local/texlive/2026/texmf-dist/tex/latex/graphics-cfg/graphics.cfg
File: graphics.cfg 2016/06/04 v1.11 sample graphics configuration
)
Package graphics Info: Driver file: pdftex.def on input line 106.
 (/usr/local/texlive/2026/texmf-dist/tex/latex/graphics-def/pdftex.def
File: pdftex.def 2025/09/29 v1.2d Graphics/color driver for pdftex
))
\Gin@req@height=\dimen150
\Gin@req@width=\dimen151
) (/usr/local/texlive/2026/texmf-dist/tex/latex/geometry/geometry.sty
Package: geometry 2026/03/07 v6.0 Page Geometry
 (/usr/local/texlive/2026/texmf-dist/tex/generic/iftex/ifvtex.sty
Package: ifvtex 2019/10/25 v1.7 ifvtex legacy package. Use iftex instead.
 (/usr/local/texlive/2026/texmf-dist/tex/generic/iftex/iftex.sty
Package: iftex 2024/12/12 v1.0g TeX engine tests
))
\Gm@cnth=\count286
\Gm@cntv=\count287
\c@Gm@tempcnt=\count288
\Gm@bindingoffset=\dimen152
\Gm@wd@mp=\dimen153
\Gm@odd@mp=\dimen154
\Gm@even@mp=\dimen155
\Gm@layoutwidth=\dimen156
\Gm@layoutheight=\dimen157
\Gm@layouthoffset=\dimen158
\Gm@layoutvoffset=\dimen159
\Gm@dimlist=\toks21
) (/usr/local/texlive/2026/texmf-dist/tex/latex/booktabs/booktabs.sty
Package: booktabs 2020/01/12 v1.61803398 Publication quality tables
\heavyrulewidth=\dimen160
\lightrulewidth=\dimen161
\cmidrulewidth=\dimen162
\belowrulesep=\dimen163
\belowbottomsep=\dimen164
\aboverulesep=\dimen165
\abovetopsep=\dimen166
\cmidrulesep=\dimen167
\cmidrulekern=\dimen168
\defaultaddspace=\dimen169
\@cmidla=\count289
\@cmidlb=\count290
\@aboverulesep=\dimen170
\@belowrulesep=\dimen171
\@thisruleclass=\count291
\@lastruleclass=\count292
\@thisrulewidth=\dimen172
) (/usr/local/texlive/2026/texmf-dist/tex/latex/listings/listings.sty
\lst@mode=\count293
\lst@gtempboxa=\box53
\lst@token=\toks22
\lst@length=\count294
\lst@currlwidth=\dimen173
\lst@column=\count295
\lst@pos=\count296
\lst@lostspace=\dimen174
\lst@width=\dimen175
\lst@newlines=\count297
\lst@lineno=\count298
\lst@maxwidth=\dimen176
 (/usr/local/texlive/2026/texmf-dist/tex/latex/listings/lstpatch.sty
File: lstpatch.sty 2025/11/14 1.11b (Carsten Heinz)
) (/usr/local/texlive/2026/texmf-dist/tex/latex/listings/lstmisc.sty
File: lstmisc.sty 2025/11/14 1.11b (Carsten Heinz)
\c@lstnumber=\count299
\lst@skipnumbers=\count300
\lst@framebox=\box54
) (/usr/local/texlive/2026/texmf-dist/tex/latex/listings/listings.cfg
File: listings.cfg 2025/11/14 1.11b listings configuration
))
Package: listings 2025/11/14 1.11b (Carsten Heinz)

==> First Aid for listings.sty no longer applied!
    Expected:
        2024/09/23 1.10c (Carsten Heinz)
    but found:
        2025/11/14 1.11b (Carsten Heinz)
    so I'm assuming it got fixed.
(/usr/local/texlive/2026/texmf-dist/tex/latex/xcolor/xcolor.sty
Package: xcolor 2024/09/29 v3.02 LaTeX color extensions (UK)
 (/usr/local/texlive/2026/texmf-dist/tex/latex/graphics-cfg/color.cfg
File: color.cfg 2016/01/02 v1.6 sample color configuration
)
Package xcolor Info: Driver file: pdftex.def on input line 274.
 (/usr/local/texlive/2026/texmf-dist/tex/latex/graphics/mathcolor.ltx)
Package xcolor Info: Model `cmy' substituted by `cmy0' on input line 1349.
Package xcolor Info: Model `hsb' substituted by `rgb' on input line 1353.
Package xcolor Info: Model `RGB' extended on input line 1365.
Package xcolor Info: Model `HTML' substituted by `rgb' on input line 1367.
Package xcolor Info: Model `Hsb' substituted by `hsb' on input line 1368.
Package xcolor Info: Model `tHsb' substituted by `hsb' on input line 1369.
Package xcolor Info: Model `HSB' substituted by `hsb' on input line 1370.
Package xcolor Info: Model `Gray' substituted by `gray' on input line 1371.
Package xcolor Info: Model `wave' substituted by `hsb' on input line 1372.
) (/usr/local/texlive/2026/texmf-dist/tex/latex/hyperref/hyperref.sty
Package: hyperref 2026-01-29 v7.01p Hypertext links for LaTeX
 (/usr/local/texlive/2026/texmf-dist/tex/latex/kvsetkeys/kvsetkeys.sty
Package: kvsetkeys 2022-10-05 v1.19 Key value parser (HO)
) (/usr/local/texlive/2026/texmf-dist/tex/generic/kvdefinekeys/kvdefinekeys.sty
Package: kvdefinekeys 2019-12-19 v1.6 Define keys (HO)
) (/usr/local/texlive/2026/texmf-dist/tex/generic/pdfescape/pdfescape.sty
Package: pdfescape 2019/12/09 v1.15 Implements pdfTeX's escape features (HO)
 (/usr/local/texlive/2026/texmf-dist/tex/generic/ltxcmds/ltxcmds.sty
Package: ltxcmds 2023-12-04 v1.26 LaTeX kernel commands for general use (HO)
) (/usr/local/texlive/2026/texmf-dist/tex/generic/pdftexcmds/pdftexcmds.sty
Package: pdftexcmds 2020-06-27 v0.33 Utility functions of pdfTeX for LuaTeX (HO)
 (/usr/local/texlive/2026/texmf-dist/tex/generic/infwarerr/infwarerr.sty
Package: infwarerr 2019/12/03 v1.5 Providing info/warning/error messages (HO)
)
Package pdftexcmds Info: \pdf@primitive is available.
Package pdftexcmds Info: \pdf@ifprimitive is available.
Package pdftexcmds Info: \pdfdraftmode found.
)) (/usr/local/texlive/2026/texmf-dist/tex/latex/hycolor/hycolor.sty
Package: hycolor 2020-01-27 v1.10 Color options for hyperref/bookmark (HO)
) (/usr/local/texlive/2026/texmf-dist/tex/latex/hyperref/nameref.sty
Package: nameref 2026-01-29 v2.58 Cross-referencing by name of section
 (/usr/local/texlive/2026/texmf-dist/tex/latex/refcount/refcount.sty
Package: refcount 2019/12/15 v3.6 Data extraction from label references (HO)
) (/usr/local/texlive/2026/texmf-dist/tex/generic/gettitlestring/gettitlestring.sty
Package: gettitlestring 2019/12/15 v1.6 Cleanup title references (HO)
 (/usr/local/texlive/2026/texmf-dist/tex/latex/kvoptions/kvoptions.sty
Package: kvoptions 2022-06-15 v3.15 Key value format for package options (HO)
))
\c@section@level=\count301
) (/usr/local/texlive/2026/texmf-dist/tex/latex/etoolbox/etoolbox.sty
Package: etoolbox 2025/10/02 v2.5m e-TeX tools for LaTeX (JAW)
\etb@tempcnta=\count302
) (/usr/local/texlive/2026/texmf-dist/tex/generic/stringenc/stringenc.sty
Package: stringenc 2019/11/29 v1.12 Convert strings between diff. encodings (HO)
)
\@linkdim=\dimen177
\Hy@linkcounter=\count303
\Hy@pagecounter=\count304
 (/usr/local/texlive/2026/texmf-dist/tex/latex/hyperref/pd1enc.def
File: pd1enc.def 2026-01-29 v7.01p Hyperref: PDFDocEncoding definition (HO)
Now handling font encoding PD1 ...
... no UTF-8 mapping file for font encoding PD1
) (/usr/local/texlive/2026/texmf-dist/tex/generic/intcalc/intcalc.sty
Package: intcalc 2019/12/15 v1.3 Expandable calculations with integers (HO)
)
\Hy@SavedSpaceFactor=\count305
 (/usr/local/texlive/2026/texmf-dist/tex/latex/hyperref/puenc.def
File: puenc.def 2026-01-29 v7.01p Hyperref: PDF Unicode definition (HO)
Now handling font encoding PU ...
... no UTF-8 mapping file for font encoding PU
)
Package hyperref Info: Hyper figures OFF on input line 4201.
Package hyperref Info: Link nesting OFF on input line 4206.
Package hyperref Info: Hyper index ON on input line 4209.
Package hyperref Info: Plain pages OFF on input line 4216.
Package hyperref Info: Backreferencing OFF on input line 4221.
Package hyperref Info: Implicit mode ON; LaTeX internals redefined.
Package hyperref Info: Bookmarks ON on input line 4468.
\c@Hy@tempcnt=\count306
 (/usr/local/texlive/2026/texmf-dist/tex/latex/url/url.sty
\Urlmuskip=\muskip17
Package: url 2013/09/16  ver 3.4  Verb mode for urls, etc.
)
LaTeX Info: Redefining \url on input line 4807.
\XeTeXLinkMargin=\dimen178
 (/usr/local/texlive/2026/texmf-dist/tex/generic/bitset/bitset.sty
Package: bitset 2019/12/09 v1.3 Handle bit-vector datatype (HO)
 (/usr/local/texlive/2026/texmf-dist/tex/generic/bigintcalc/bigintcalc.sty
Package: bigintcalc 2019/12/15 v1.5 Expandable calculations on big integers (HO)
))
\Fld@menulength=\count307
\Field@Width=\dimen179
\Fld@charsize=\dimen180
Package hyperref Info: Hyper figures OFF on input line 6084.
Package hyperref Info: Link nesting OFF on input line 6089.
Package hyperref Info: Hyper index ON on input line 6092.
Package hyperref Info: backreferencing OFF on input line 6099.
Package hyperref Info: Link coloring OFF on input line 6104.
Package hyperref Info: Link coloring with OCG OFF on input line 6109.
Package hyperref Info: PDF/A mode OFF on input line 6114.
\Hy@abspage=\count308
\c@Item=\count309
\c@Hfootnote=\count310
)
Package hyperref Info: Driver (autodetected): hpdftex.
 (/usr/local/texlive/2026/texmf-dist/tex/latex/hyperref/hpdftex.def
File: hpdftex.def 2026-01-29 v7.01p Hyperref driver for pdfTeX
\Fld@listcount=\count311
\c@bookmark@seq@number=\count312
 (/usr/local/texlive/2026/texmf-dist/tex/latex/rerunfilecheck/rerunfilecheck.sty
Package: rerunfilecheck 2025-06-21 v1.11 Rerun checks for auxiliary files (HO)
 (/usr/local/texlive/2026/texmf-dist/tex/generic/uniquecounter/uniquecounter.sty
Package: uniquecounter 2019/12/15 v1.4 Provide unlimited unique counter (HO)
)
Package uniquecounter Info: New unique counter `rerunfilecheck' on input line 284.
)
\Hy@SectionHShift=\skip51
) (/usr/local/texlive/2026/texmf-dist/tex/latex/titlesec/titlesec.sty
Package: titlesec 2025/01/04 v2.17 Sectioning titles
\ttl@box=\box55
\beforetitleunit=\skip52
\aftertitleunit=\skip53
\ttl@plus=\dimen181
\ttl@minus=\dimen182
\ttl@toksa=\toks23
\titlewidth=\dimen183
\titlewidthlast=\dimen184
\titlewidthfirst=\dimen185
) (/usr/local/texlive/2026/texmf-dist/tex/latex/l3backend/l3backend-pdftex.def
File: l3backend-pdftex.def 2025-10-09 L3 backend support: PDF output (pdfTeX)
\l__color_backend_stack_int=\count313
) (./Ex_-86-Xavier_Margalef.aux)
\openout1 = `Ex_-86-Xavier_Margalef.aux'.

LaTeX Font Info:    Checking defaults for OML/cmm/m/it on input line 39.
LaTeX Font Info:    ... okay on input line 39.
LaTeX Font Info:    Checking defaults for OMS/cmsy/m/n on input line 39.
LaTeX Font Info:    ... okay on input line 39.
LaTeX Font Info:    Checking defaults for OT1/cmr/m/n on input line 39.
LaTeX Font Info:    ... okay on input line 39.
LaTeX Font Info:    Checking defaults for T1/cmr/m/n on input line 39.
LaTeX Font Info:    ... okay on input line 39.
LaTeX Font Info:    Checking defaults for TS1/cmr/m/n on input line 39.
LaTeX Font Info:    ... okay on input line 39.
LaTeX Font Info:    Checking defaults for OMX/cmex/m/n on input line 39.
LaTeX Font Info:    ... okay on input line 39.
LaTeX Font Info:    Checking defaults for U/cmr/m/n on input line 39.
LaTeX Font Info:    ... okay on input line 39.
LaTeX Font Info:    Checking defaults for PD1/pdf/m/n on input line 39.
LaTeX Font Info:    ... okay on input line 39.
LaTeX Font Info:    Checking defaults for PU/pdf/m/n on input line 39.
LaTeX Font Info:    ... okay on input line 39.
LaTeX Info: Redefining \. on input line 39.
LaTeX Info: Redefining \% on input line 39.
Package babel Info: 'spanish' activates 'spanish' shorthands.
(babel)             Reported on input line 39.
 (/usr/local/texlive/2026/texmf-dist/tex/context/base/mkii/supp-pdf.mkii
[Loading MPS to PDF converter (version 2006.09.02).]
\scratchcounter=\count314
\scratchdimen=\dimen186
\scratchbox=\box56
\nofMPsegments=\count315
\nofMParguments=\count316
\everyMPshowfont=\toks24
\MPscratchCnt=\count317
\MPscratchDim=\dimen187
\MPnumerator=\count318
\makeMPintoPDFobject=\count319
\everyMPtoPDFconversion=\toks25
) (/usr/local/texlive/2026/texmf-dist/tex/latex/epstopdf-pkg/epstopdf-base.sty
Package: epstopdf-base 2020-01-24 v2.11 Base part for package epstopdf
Package epstopdf-base Info: Redefining graphics rule for `.eps' on input line 485.
 (/usr/local/texlive/2026/texmf-dist/tex/latex/latexconfig/epstopdf-sys.cfg
File: epstopdf-sys.cfg 2010/07/13 v1.3 Configuration of (r)epstopdf for TeX Live
))
*geometry* driver: auto-detecting
*geometry* detected driver: pdftex
*geometry* verbose mode - [ preamble ] result:
* driver: pdftex
* paper: a4paper
* layout: <same size as paper>
* layoutoffset:(h,v)=(0.0pt,0.0pt)
* modes: 
* h-part:(L,W,R)=(71.13188pt, 455.24411pt, 71.13188pt)
* v-part:(T,H,B)=(71.13188pt, 702.78308pt, 71.13188pt)
* \paperwidth=597.50787pt
* \paperheight=845.04684pt
* \textwidth=455.24411pt
* \textheight=702.78308pt
* \oddsidemargin=-1.1381pt
* \evensidemargin=-1.1381pt
* \topmargin=-38.1381pt
* \headheight=12.0pt
* \headsep=25.0pt
* \topskip=11.0pt
* \footskip=30.0pt
* \marginparwidth=50.0pt
* \marginparsep=10.0pt
* \columnsep=10.0pt
* \skip\footins=10.0pt plus 4.0pt minus 2.0pt
* \hoffset=0.0pt
* \voffset=0.0pt
* \mag=1000
* \@twocolumnfalse
* \@twosidefalse
* \@mparswitchfalse
* \@reversemarginfalse
* (1in=72.27pt=25.4mm, 1cm=28.453pt)

\c@lstlisting=\count320
Package hyperref Info: Link coloring OFF on input line 39.
\@outlinefile=\write3
\openout3 = `Ex_-86-Xavier_Margalef.out'.

[1

{/usr/local/texlive/2026/texmf-var/fonts/map/pdftex/updmap/pdftex.map}]
<./images/image-1.png, id=11, 2011.515pt x 1648.1575pt>
File: ./images/image-1.png Graphic file (type png)
<use ./images/image-1.png>
Package pdftex.def Info: ./images/image-1.png  used on input line 72.
(pdftex.def)             Requested size: 227.62206pt x 186.5037pt.
<./images/image-4.png, id=13, 2059.695pt x 1543.7675pt>
File: ./images/image-4.png Graphic file (type png)
<use ./images/image-4.png>
Package pdftex.def Info: ./images/image-4.png  used on input line 78.
(pdftex.def)             Requested size: 227.62206pt x 170.59229pt.
<./images/image-6.png, id=14, 2663.9525pt x 1630.09pt>
File: ./images/image-6.png Graphic file (type png)
<use ./images/image-6.png>
Package pdftex.def Info: ./images/image-6.png  used on input line 84.
(pdftex.def)             Requested size: 227.62206pt x 139.2647pt.

pdfTeX warning (ext4): destination with the same identifier (name{page.1}) has been already used, duplicate ignored
<to be read again> 
                   \relax 
l.87 \newpage
              [1 <./images/image-1.png> <./images/image-4.png> <./images/image-6.png>] [2] (/usr/local/texlive/2026/texmf-dist/tex/latex/listings/lstlang1.sty
File: lstlang1.sty 2025/11/14 1.11b listings language file
) (/usr/local/texlive/2026/texmf-dist/tex/latex/listings/lstlang1.sty
File: lstlang1.sty 2025/11/14 1.11b listings language file
)
<./images/image-26.png, id=32, 905.3825pt x 170.6375pt>
File: ./images/image-26.png Graphic file (type png)
<use ./images/image-26.png>
Package pdftex.def Info: ./images/image-26.png  used on input line 125.
(pdftex.def)             Requested size: 341.43307pt x 64.3482pt.
<./images/image-22.png, id=33, 985.6825pt x 363.3575pt>
File: ./images/image-22.png Graphic file (type png)
<use ./images/image-22.png>
Package pdftex.def Info: ./images/image-22.png  used on input line 138.
(pdftex.def)             Requested size: 250.38564pt x 92.29732pt.
<./images/image-23.png, id=35, 582.175pt x 252.945pt>
File: ./images/image-23.png Graphic file (type png)
<use ./images/image-23.png>
Package pdftex.def Info: ./images/image-23.png  used on input line 143.
(pdftex.def)             Requested size: 250.38564pt x 108.78738pt.
<./images/image-24.png, id=36, 919.435pt x 533.995pt>
File: ./images/image-24.png Graphic file (type png)
<use ./images/image-24.png>
Package pdftex.def Info: ./images/image-24.png  used on input line 147.
(pdftex.def)             Requested size: 250.38564pt x 145.41908pt.
 [3 <./images/image-26.png> <./images/image-22.png> <./images/image-23.png>]
<./images/image-25.png, id=51, 1057.9525pt x 596.2275pt>
File: ./images/image-25.png Graphic file (type png)
<use ./images/image-25.png>
Package pdftex.def Info: ./images/image-25.png  used on input line 157.
(pdftex.def)             Requested size: 250.38564pt x 141.10512pt.
 [4 <./images/image-24.png> <./images/image-25.png>]
<./images/image-28.png, id=60, 963.6pt x 341.275pt>
File: ./images/image-28.png Graphic file (type png)
<use ./images/image-28.png>
Package pdftex.def Info: ./images/image-28.png  used on input line 178.
(pdftex.def)             Requested size: 341.43307pt x 120.92174pt.
<./images/image-29.png, id=61, 1258.7025pt x 672.5125pt>
File: ./images/image-29.png Graphic file (type png)
<use ./images/image-29.png>
Package pdftex.def Info: ./images/image-29.png  used on input line 182.
(pdftex.def)             Requested size: 341.43307pt x 182.42226pt.
<./images/image-30.png, id=62, 1461.46pt x 835.12pt>
File: ./images/image-30.png Graphic file (type png)
<use ./images/image-30.png>
Package pdftex.def Info: ./images/image-30.png  used on input line 188.
(pdftex.def)             Requested size: 341.43307pt x 195.10635pt.
 [5 <./images/image-28.png> <./images/image-29.png>]
<./images/image-39.png, id=76, 869.2475pt x 327.2225pt>
File: ./images/image-39.png Graphic file (type png)
<use ./images/image-39.png>
Package pdftex.def Info: ./images/image-39.png  used on input line 196.
(pdftex.def)             Requested size: 295.90588pt x 111.39398pt.
<./images/image-35.png, id=77, 921.4425pt x 116.435pt>
File: ./images/image-35.png Graphic file (type png)
<use ./images/image-35.png>
Package pdftex.def Info: ./images/image-35.png  used on input line 204.
(pdftex.def)             Requested size: 318.66948pt x 40.26605pt.
<./images/image-34.png, id=78, 945.5325pt x 425.59pt>
File: ./images/image-34.png Graphic file (type png)
<use ./images/image-34.png>
Package pdftex.def Info: ./images/image-34.png  used on input line 208.
(pdftex.def)             Requested size: 318.66948pt x 143.43884pt.
 [6 <./images/image-30.png> <./images/image-39.png> <./images/image-35.png>]
LaTeX Font Info:    Font shape `OT1/cmtt/bx/n' in size <10> not available
(Font)              Font shape `OT1/cmtt/m/n' tried instead on input line 217.
<./images/image-36.png, id=89, 1361.085pt x 383.4325pt>
File: ./images/image-36.png Graphic file (type png)
<use ./images/image-36.png>
Package pdftex.def Info: ./images/image-36.png  used on input line 220.
(pdftex.def)             Requested size: 218.51521pt x 61.55522pt.
<./images/image-37.png, id=90, 1242.6425pt x 387.4475pt>
File: ./images/image-37.png Graphic file (type png)
<use ./images/image-37.png>
Package pdftex.def Info: ./images/image-37.png  used on input line 221.
(pdftex.def)             Requested size: 218.51521pt x 68.12949pt.
<./images/image-33.png, id=91, 1196.47pt x 409.53pt>
File: ./images/image-33.png Graphic file (type png)
<use ./images/image-33.png>
Package pdftex.def Info: ./images/image-33.png  used on input line 230.
(pdftex.def)             Requested size: 218.51521pt x 74.79327pt.
<./images/image-38.png, id=92, 1176.395pt x 678.535pt>
File: ./images/image-38.png Graphic file (type png)
<use ./images/image-38.png>
Package pdftex.def Info: ./images/image-38.png  used on input line 231.
(pdftex.def)             Requested size: 218.51521pt x 126.03433pt.
<./images/image-40.png, id=93, 766.865pt x 178.6675pt>
File: ./images/image-40.png Graphic file (type png)
<use ./images/image-40.png>
Package pdftex.def Info: ./images/image-40.png  used on input line 241.
(pdftex.def)             Requested size: 250.38564pt x 58.33614pt.
 [7 <./images/image-34.png> <./images/image-36.png> <./images/image-37.png> <./images/image-33.png> <./images/image-38.png> <./images/image-40.png>]
<./images/image-41.png, id=109, 1218.5525pt x 397.485pt>
File: ./images/image-41.png Graphic file (type png)
<use ./images/image-41.png>
Package pdftex.def Info: ./images/image-41.png  used on input line 245.
(pdftex.def)             Requested size: 218.51521pt x 71.27734pt.
<./images/image-42.png, id=110, 1449.415pt x 266.9975pt>
File: ./images/image-42.png Graphic file (type png)
<use ./images/image-42.png>
Package pdftex.def Info: ./images/image-42.png  used on input line 246.
(pdftex.def)             Requested size: 218.51521pt x 40.25159pt.
 [8 <./images/image-41.png> <./images/image-42.png>]
<./images/image-44.png, id=119, 991.705pt x 204.765pt>
File: ./images/image-44.png Graphic file (type png)
<use ./images/image-44.png>
Package pdftex.def Info: ./images/image-44.png  used on input line 265.
(pdftex.def)             Requested size: 218.51521pt x 45.11717pt.
<./images/image-45.png, id=120, 1100.11pt x 682.55pt>
File: ./images/image-45.png Graphic file (type png)
<use ./images/image-45.png>
Package pdftex.def Info: ./images/image-45.png  used on input line 266.
(pdftex.def)             Requested size: 218.51521pt x 135.57024pt.
<./images/image-46.png, id=121, 1063.975pt x 843.15pt>
File: ./images/image-46.png Graphic file (type png)
<use ./images/image-46.png>
Package pdftex.def Info: ./images/image-46.png  used on input line 272.
(pdftex.def)             Requested size: 227.62206pt x 180.37314pt.


/Users/xaviermargalef/Desktop/CyberOps-Portfolio/[EXP 86] Actividades 101/Ex_-86-Xavier_Margalef.tex:274: LaTeX Error: \begin{itemize} on input line 269 ended by \end{quoting}.

See the LaTeX manual or LaTeX Companion for explanation.
Type  H <return>  for immediate help.
 ...                                              
                                                  
l.274 ...t{awk -F ":" '\{print \$1\}' /etc/passwd}
                                                   encontrado en \href{https...
Your command was ignored.
Type  I <command> <return>  to replace it with another command,
or  <return>  to continue without it.

/Users/xaviermargalef/Desktop/CyberOps-Portfolio/[EXP 86] Actividades 101/Ex_-86-Xavier_Margalef.tex:274: Missing } inserted.
<inserted text> 
                }
l.274 ...t{awk -F ":" '\{print \$1\}' /etc/passwd}
                                                   encontrado en \href{https...
I've inserted something that you may have forgotten.
(See the <inserted text> above.)
With luck, this will get me unwedged. But if you
really didn't forget anything, try typing `2' now; then
my insertion and my current dilemma will both disappear.

LaTeX Font Info:    Trying to load font information for OMS+cmr on input line 274.
(/usr/local/texlive/2026/texmf-dist/tex/latex/base/omscmr.fd
File: omscmr.fd 2024/11/19 v2.5n Standard LaTeX font definitions
)
LaTeX Font Info:    Font shape `OMS/cmr/m/n' in size <10.95> not available
(Font)              Font shape `OMS/cmsy/m/n' tried instead on input line 274.

/Users/xaviermargalef/Desktop/CyberOps-Portfolio/[EXP 86] Actividades 101/Ex_-86-Xavier_Margalef.tex:274: Too many }'s.
<recently read> \egroup 
                        
l.274 ...t{awk -F ":" '\{print \$1\}' /etc/passwd}
                                                   encontrado en \href{https...
You've closed more groups than you opened.
Such booboos are generally harmless, so keep going.

<./images/image-49.png, id=123, 1065.9825pt x 690.58pt>
File: ./images/image-49.png Graphic file (type png)
<use ./images/image-49.png>
Package pdftex.def Info: ./images/image-49.png  used on input line 276.
(pdftex.def)             Requested size: 250.38564pt x 162.20201pt.
[9{/usr/local/texlive/2026/texmf-dist/fonts/enc/dvips/cm-super/cm-super-ts1.enc} <./images/image-44.png> <./images/image-45.png> <./images/image-46.png>]

/Users/xaviermargalef/Desktop/CyberOps-Portfolio/[EXP 86] Actividades 101/Ex_-86-Xavier_Margalef.tex:279: LaTeX Error: Lonely \item--perhaps a missing list environment.

See the LaTeX manual or LaTeX Companion for explanation.
Type  H <return>  for immediate help.
 ...                                              
                                                  
l.279     \item U
                 suario principal de monitoreo: R.ARNOLD:
Try typing  <return>  to proceed.
If that doesn't work, type  X <return>  to quit.


Underfull \hbox (badness 10000) detected at line 279
[][]
 []

<./images/image-50.png, id=138, 598.235pt x 80.3pt>
File: ./images/image-50.png Graphic file (type png)
<use ./images/image-50.png>
Package pdftex.def Info: ./images/image-50.png  used on input line 281.
(pdftex.def)             Requested size: 227.62206pt x 30.55351pt.

/Users/xaviermargalef/Desktop/CyberOps-Portfolio/[EXP 86] Actividades 101/Ex_-86-Xavier_Margalef.tex:284: LaTeX Error: Lonely \item--perhaps a missing list environment.

See the LaTeX manual or LaTeX Companion for explanation.
Type  H <return>  for immediate help.
 ...                                              
                                                  
l.284     \item H
                 ostname: \texttt{lab-nublar-os}:
Try typing  <return>  to proceed.
If that doesn't work, type  X <return>  to quit.


Underfull \hbox (badness 10000) detected at line 284
[][]
 []

<./images/image-51.png, id=139, 660.4675pt x 90.3375pt>
File: ./images/image-51.png Graphic file (type png)
<use ./images/image-51.png>
Package pdftex.def Info: ./images/image-51.png  used on input line 286.
(pdftex.def)             Requested size: 227.62206pt x 31.13338pt.

/Users/xaviermargalef/Desktop/CyberOps-Portfolio/[EXP 86] Actividades 101/Ex_-86-Xavier_Margalef.tex:289: LaTeX Error: Lonely \item--perhaps a missing list environment.

See the LaTeX manual or LaTeX Companion for explanation.
Type  H <return>  for immediate help.
 ...                                              
                                                  
l.289     \item D
                 istribución: \texttt{securityos} identificado con \texttt{...
Try typing  <return>  to proceed.
If that doesn't work, type  X <return>  to quit.


Underfull \hbox (badness 10000) detected at line 289
[][]
 []

<./images/image-52.png, id=140, 925.4575pt x 367.3725pt>
File: ./images/image-52.png Graphic file (type png)
<use ./images/image-52.png>
Package pdftex.def Info: ./images/image-52.png  used on input line 291.
(pdftex.def)             Requested size: 250.38564pt x 99.39369pt.

/Users/xaviermargalef/Desktop/CyberOps-Portfolio/[EXP 86] Actividades 101/Ex_-86-Xavier_Margalef.tex:294: LaTeX Error: Lonely \item--perhaps a missing list environment.

See the LaTeX manual or LaTeX Companion for explanation.
Type  H <return>  for immediate help.
 ...                                              
                                                  
l.294     \item G
                 rupos del usuario:
Try typing  <return>  to proceed.
If that doesn't work, type  X <return>  to quit.


Underfull \hbox (badness 10000) detected at line 294
[][]
 []

<./images/image-53.png, id=141, 877.2775pt x 86.3225pt>
File: ./images/image-53.png Graphic file (type png)
<use ./images/image-53.png>
Package pdftex.def Info: ./images/image-53.png  used on input line 296.
(pdftex.def)             Requested size: 227.62206pt x 22.3972pt.

/Users/xaviermargalef/Desktop/CyberOps-Portfolio/[EXP 86] Actividades 101/Ex_-86-Xavier_Margalef.tex:298: LaTeX Error: \begin{document} ended by \end{itemize}.

See the LaTeX manual or LaTeX Companion for explanation.
Type  H <return>  for immediate help.
 ...                                              
                                                  
l.298 \end{itemize}
                   
Your command was ignored.
Type  I <command> <return>  to replace it with another command,
or  <return>  to continue without it.

/Users/xaviermargalef/Desktop/CyberOps-Portfolio/[EXP 86] Actividades 101/Ex_-86-Xavier_Margalef.tex:298: Extra \endgroup.
\end  ...end#1\endcsname \@checkend {#1}\endgroup 
                                                  \UseHook {env/#1/after}\if...
l.298 \end{itemize}
                   
Things are pretty mixed up, but I think the worst is over.

<./images/image-54.png, id=143, 1076.02pt x 172.645pt>
File: ./images/image-54.png Graphic file (type png)
<use ./images/image-54.png>
Package pdftex.def Info: ./images/image-54.png  used on input line 303.
(pdftex.def)             Requested size: 273.14923pt x 43.82498pt.

/Users/xaviermargalef/Desktop/CyberOps-Portfolio/[EXP 86] Actividades 101/Ex_-86-Xavier_Margalef.tex:310: LaTeX Error: Lonely \item--perhaps a missing list environment.

See the LaTeX manual or LaTeX Companion for explanation.
Type  H <return>  for immediate help.
 ...                                              
                                                  
l.310     \item 4
                  puertos abiertos:
Try typing  <return>  to proceed.
If that doesn't work, type  X <return>  to quit.


Underfull \hbox (badness 10000) detected at line 310
[][]
 []


/Users/xaviermargalef/Desktop/CyberOps-Portfolio/[EXP 86] Actividades 101/Ex_-86-Xavier_Margalef.tex:311: LaTeX Error: \begin{document} ended by \end{itemize}.

See the LaTeX manual or LaTeX Companion for explanation.
Type  H <return>  for immediate help.
 ...                                              
                                                  
l.311 \end{itemize}
                   
Your command was ignored.
Type  I <command> <return>  to replace it with another command,
or  <return>  to continue without it.

/Users/xaviermargalef/Desktop/CyberOps-Portfolio/[EXP 86] Actividades 101/Ex_-86-Xavier_Margalef.tex:311: Extra \endgroup.
\end  ...end#1\endcsname \@checkend {#1}\endgroup 
                                                  \UseHook {env/#1/after}\if...
l.311 \end{itemize}
                   
Things are pretty mixed up, but I think the worst is over.

<./images/image-57.png, id=145, 1051.93pt x 445.665pt>
File: ./images/image-57.png Graphic file (type png)
<use ./images/image-57.png>
Package pdftex.def Info: ./images/image-57.png  used on input line 313.
(pdftex.def)             Requested size: 318.66948pt x 135.00618pt.
[10 <./images/image-49.png> <./images/image-50.png> <./images/image-51.png> <./images/image-52.png> <./images/image-53.png> <./images/image-54.png>]
LaTeX Font Info:    External font `cmex10' loaded for size
(Font)              <10.95> on input line 319.
LaTeX Font Info:    External font `cmex10' loaded for size
(Font)              <8> on input line 319.
LaTeX Font Info:    External font `cmex10' loaded for size
(Font)              <6> on input line 319.
<./images/image-58.png, id=159, 981.6675pt x 347.2975pt>
File: ./images/image-58.png Graphic file (type png)
<use ./images/image-58.png>
Package pdftex.def Info: ./images/image-58.png  used on input line 328.
(pdftex.def)             Requested size: 318.66948pt x 112.73785pt.

Overfull \hbox (7.58324pt too wide) in paragraph at lines 339--340
[]\OT1/cmr/m/n/10.95 Ruta y usua-rio www-data: \OT1/cmr/bx/n/10.95 ru-ta /usr/sbin/lighttpd -D -f /etc/lighttpd/lighttpd.conf 
 []

<./images/image-60.png, id=161, 1055.945pt x 240.9pt>
File: ./images/image-60.png Graphic file (type png)
<use ./images/image-60.png>
Package pdftex.def Info: ./images/image-60.png  used on input line 342.
(pdftex.def)             Requested size: 341.43307pt x 77.8909pt.
[11 <./images/image-57.png> <./images/image-58.png>]
<./images/firewall.png, id=178, 611.28375pt x 187.70125pt>
File: ./images/firewall.png Graphic file (type png)
<use ./images/firewall.png>
Package pdftex.def Info: ./images/firewall.png  used on input line 354.
(pdftex.def)             Requested size: 273.14923pt x 83.8719pt.
<./images/image-61.png, id=181, 1074.0125pt x 124.465pt>
File: ./images/image-61.png Graphic file (type png)
<use ./images/image-61.png>
Package pdftex.def Info: ./images/image-61.png  used on input line 366.
(pdftex.def)             Requested size: 250.38564pt x 29.01567pt.
 [12 <./images/image-60.png> <./images/firewall.png> <./images/image-61.png>]
<./images/image-64.png, id=204, 646.415pt x 696.6025pt>
File: ./images/image-64.png Graphic file (type png)
<use ./images/image-64.png>
Package pdftex.def Info: ./images/image-64.png  used on input line 387.
(pdftex.def)             Requested size: 250.38564pt x 269.82439pt.
<./images/image-65.png, id=206, 1047.915pt x 381.425pt>
File: ./images/image-65.png Graphic file (type png)
<use ./images/image-65.png>
Package pdftex.def Info: ./images/image-65.png  used on input line 401.
(pdftex.def)             Requested size: 295.90588pt x 107.70038pt.
 [13 <./images/image-64.png> <./images/image-65.png>]
<./images/image-66.png, id=221, 1067.99pt x 331.2375pt>
File: ./images/image-66.png Graphic file (type png)
<use ./images/image-66.png>
Package pdftex.def Info: ./images/image-66.png  used on input line 415.
(pdftex.def)             Requested size: 273.14923pt x 84.71461pt.
LaTeX Font Info:    External font `cmex10' loaded for size
(Font)              <7> on input line 420.
LaTeX Font Info:    External font `cmex10' loaded for size
(Font)              <5> on input line 420.
<./images/image-69.png, id=222, 295.1025pt x 60.225pt>
File: ./images/image-69.png Graphic file (type png)
<use ./images/image-69.png>
Package pdftex.def Info: ./images/image-69.png  used on input line 429.
(pdftex.def)             Requested size: 136.57462pt x 27.87291pt.
<./images/image-68.png, id=223, 746.79pt x 345.29pt>
File: ./images/image-68.png Graphic file (type png)
<use ./images/image-68.png>
Package pdftex.def Info: ./images/image-68.png  used on input line 438.
(pdftex.def)             Requested size: 136.57462pt x 63.1453pt.
 [14 <./images/image-66.png> <./images/image-69.png> <./images/image-68.png>]
/Users/xaviermargalef/Desktop/CyberOps-Portfolio/[EXP 86] Actividades 101/Ex_-86-Xavier_Margalef.tex:452: Undefined control sequence.
l.452 $$\text
             {Riesgo} = \text{Impacto} \times \text{Probabilidad}$$
The control sequence at the end of the top line
of your error message was never \def'ed. If you have
misspelled it (e.g., `\hobx'), type `I' and the correct
spelling (e.g., `I\hbox'). Otherwise just continue,
and I'll forget about whatever was undefined.

/Users/xaviermargalef/Desktop/CyberOps-Portfolio/[EXP 86] Actividades 101/Ex_-86-Xavier_Margalef.tex:452: Undefined control sequence.
l.452 $$\text{Riesgo} = \text
                             {Impacto} \times \text{Probabilidad}$$
The control sequence at the end of the top line
of your error message was never \def'ed. If you have
misspelled it (e.g., `\hobx'), type `I' and the correct
spelling (e.g., `I\hbox'). Otherwise just continue,
and I'll forget about whatever was undefined.

/Users/xaviermargalef/Desktop/CyberOps-Portfolio/[EXP 86] Actividades 101/Ex_-86-Xavier_Margalef.tex:452: Undefined control sequence.
l.452 ...ext{Riesgo} = \text{Impacto} \times \text
                                                  {Probabilidad}$$
The control sequence at the end of the top line
of your error message was never \def'ed. If you have
misspelled it (e.g., `\hobx'), type `I' and the correct
spelling (e.g., `I\hbox'). Otherwise just continue,
and I'll forget about whatever was undefined.

/Users/xaviermargalef/Desktop/CyberOps-Portfolio/[EXP 86] Actividades 101/Ex_-86-Xavier_Margalef.tex:457: Undefined control sequence.
<recently read> \text 
                      
l.457     \item \textbf{Resultado:} $\text
                                          {Crítico} \times \text{Alta} \rig...
The control sequence at the end of the top line
of your error message was never \def'ed. If you have
misspelled it (e.g., `\hobx'), type `I' and the correct
spelling (e.g., `I\hbox'). Otherwise just continue,
and I'll forget about whatever was undefined.


LaTeX Warning: Command \' invalid in math mode on input line 457.

/Users/xaviermargalef/Desktop/CyberOps-Portfolio/[EXP 86] Actividades 101/Ex_-86-Xavier_Margalef.tex:457: Please use \mathaccent for accents in math mode.
\add@accent ... \let \ignorespaces \relax \accent 
                                                  #1 #2\egroup \ifmmode \els...
l.457     \item \textbf{Resultado:} $\text{Crí
                                               tico} \times \text{Alta} \rig...
I'm changing \accent to \mathaccent here; wish me luck.
(Accents are not the same in formulas as they are in text.)

/Users/xaviermargalef/Desktop/CyberOps-Portfolio/[EXP 86] Actividades 101/Ex_-86-Xavier_Margalef.tex:457: Missing { inserted.
<to be read again> 
                   \begingroup 
l.457     \item \textbf{Resultado:} $\text{Crí
                                               tico} \times \text{Alta} \rig...
A left brace was mandatory here, so I've put one in.
You might want to delete and/or insert some corrections
so that I will find a matching right brace soon.
(If you're confused by all this, try typing `I}' now.)


LaTeX Warning: Command \i invalid in math mode on input line 457.

/Users/xaviermargalef/Desktop/CyberOps-Portfolio/[EXP 86] Actividades 101/Ex_-86-Xavier_Margalef.tex:457: Undefined control sequence.
l.457 ...Resultado:} $\text{Crítico} \times \text
                                                  {Alta} \rightarrow$ \textb...
The control sequence at the end of the top line
of your error message was never \def'ed. If you have
misspelled it (e.g., `\hobx'), type `I' and the correct
spelling (e.g., `I\hbox'). Otherwise just continue,
and I'll forget about whatever was undefined.

/Users/xaviermargalef/Desktop/CyberOps-Portfolio/[EXP 86] Actividades 101/Ex_-86-Xavier_Margalef.tex:457: Missing } inserted.
<inserted text> 
                }
l.457 ...Crítico} \times \text{Alta} \rightarrow$
                                                   \textbf{Riesgo Global: Cr...
I've inserted something that you may have forgotten.
(See the <inserted text> above.)
With luck, this will get me unwedged. But if you
really didn't forget anything, try typing `2' now; then
my insertion and my current dilemma will both disappear.


Overfull \hbox (37.64027pt too wide) in paragraph at lines 470--480
 [][] 
 []

[15] (./Ex_-86-Xavier_Margalef.aux
LaTeX Info: Redefining \. on input line 11.
LaTeX Info: Redefining \% on input line 11.
)
 ***********
LaTeX2e <2025-11-01>
L3 programming layer <2026-01-19>
 ***********


Package rerunfilecheck Warning: File `Ex_-86-Xavier_Margalef.out' has changed.
(rerunfilecheck)                Rerun to get outlines right
(rerunfilecheck)                or use package `bookmark'.

Package rerunfilecheck Info: Checksums for `Ex_-86-Xavier_Margalef.out':
(rerunfilecheck)             Before: <no file>
(rerunfilecheck)             After:  A2DF597AC519F27A43CA64A0E99ECC92;6466.
 ) 
Here is how much of TeX's memory you used:
 13478 strings out of 467525
 210041 string characters out of 5418982
 860792 words of memory out of 5000000
 42183 multiletter control sequences out of 15000+600000
 634212 words of font info for 62 fonts, out of 8000000 for 9000
 1141 hyphenation exceptions out of 8191
 75i,9n,79p,641b,1203s stack positions out of 10000i,1000n,20000p,200000b,200000s
</usr/local/texlive/2026/texmf-dist/fonts/type1/public/amsfonts/cm/cmbx10.pfb></usr/local/texlive/2026/texmf-dist/fonts/type1/public/amsfonts/cm/cmbx12.pfb></usr/local/texlive/2026/texmf-dist/fonts/type1/public/amsfonts/cm/cmmi10.pfb></usr/local/texlive/2026/texmf-dist/fonts/type1/public/amsfonts/cm/cmr10.pfb></usr/local/texlive/2026/texmf-dist/fonts/type1/public/amsfonts/cm/cmr12.pfb></usr/local/texlive/2026/texmf-dist/fonts/type1/public/amsfonts/cm/cmr8.pfb></usr/local/texlive/2026/texmf-dist/fonts/type1/public/amsfonts/cm/cmsy10.pfb></usr/local/texlive/2026/texmf-dist/fonts/type1/public/amsfonts/cm/cmti10.pfb></usr/local/texlive/2026/texmf-dist/fonts/type1/public/amsfonts/cm/cmtt10.pfb></usr/local/texlive/2026/texmf-dist/fonts/type1/public/cm-super/sfrm1095.pfb></usr/local/texlive/2026/texmf-dist/fonts/type1/public/cm-super/sftt1000.pfb>
Output written on Ex_-86-Xavier_Margalef.pdf (16 pages, 9586016 bytes).
PDF statistics:
 317 PDF objects out of 1000 (max. 8388607)
 195 compressed objects within 2 object streams
 81 named destinations out of 1000 (max. 500000)
 201 words of extra memory for PDF output out of 10000 (max. 10000000)

